// Jest Snapshot v1, https://goo.gl/fbAQLP

exports[`Layout renders correctly with the given title and subtitle 1`] = `
<mockConstructor
  render={[Function]}
/>
`;
